1
 ********************************************************************************
 *                                                                              *
 *                          ==========================                          *
 *                            PHOTOS, Version:  2. 2                            *
 *                            Released at:  15/ 3/99                            *
 *                          ==========================                          *
 *                                                                              *
 *                  PHOTOS QED Corrections in Particle Decays                   *
 *                                                                              *
 *         Monte Carlo Program - by E. Barberio, B. van Eijk and Z. Was         *
 *         From version 2.0 on - by E.B. and Z.W.                               *
 *                                                                              *
 ********************************************************************************
 *                                                                              *
 *                  Internal input parameters:                                  *
 *                                                                              *
 *                  INTERF= T  ISEC= T  IFTOP= T                                *
 *                  ALPHA_QED= 0.00730   XPHCUT= 0.01000                        *
 *                                                                              *
 *                  option with interference is active                          *
 *                  option with double photons is active                        *
 *                  emision in t tbar production is active                      *
 *                                                                              *
 *          WARNING (1): /HEPEVT/ is not anymore the standard common block      *
 *                                                                              *
 *          PHOTOS expects /HEPEVT/ to have REAL*4 variables. To change to      *
 *          REAL*8 modify its declaration in subr. PHOTOS_GET PHOTOS_SET:       *
 *               REAL*8  d_h_phep,  d_h_vhep                                    *
 *          WARNING (2): check dims. of /hepevt/ /phoqed/ /ph_hepevt/.          *
 *          HERE:                     d_h_nmxhep=4000  and  NMXHEP=10000        *
 *                                                                              *
 ********************************************************************************
 Message from PHCORK(MODCOR):: initialization
 MODOP=1 -- no corrections on event: DEFAULT
0================================================================================
                              Event No.:         1
0      Particle Parameters
0 Nr   Type   Parent(s)  Daughter(s)      Px        Py        Pz        E     Inv. M.
    1      4      0         3 -    3   37.2351   21.8241   14.3417   45.5000    1.3500
    2     -4      0         3 -    3  -37.2351  -21.8241  -14.3417   45.5000    1.3500
    3     94   1 -    2     4 -    5    0.0000    0.0000    0.0000   91.0000   91.0000
    4      4      3         6 -    7   36.9980   21.6852   14.2504   45.2936    3.0555
    5     -4      3         8 -    9  -36.9980  -21.6852  -14.2504   45.7064    6.8485
    6      4      4        16 -   16   36.0956   21.0543   13.4053   43.9055    1.3500
    7     21      4        17 -   17    0.9025    0.6309    0.8451    1.3881    0.0000
    8     -4      5        10 -   11  -36.5143  -21.9296  -14.4153   45.1399    3.9508
    9     21      5        18 -   18   -0.4837    0.2445    0.1648    0.5665    0.0000
   10     -4      8        21 -   21  -15.3629   -9.4590   -4.9905   18.7675    1.3500
   11     21      8        12 -   13  -21.1514  -12.4707   -9.4247   26.3724    1.9442
   12     21     11        14 -   15  -16.2353   -9.8547   -6.6690   20.1591    1.1018
   13     21     11        19 -   19   -4.9161   -2.6160   -2.7557    6.2133    0.0000
   14      2     12        22 -   22   -5.2955   -3.7889   -2.4729    6.9652    0.0056
   15     -2     12        20 -   20  -10.9398   -6.0658   -4.1962   13.1939    0.0056
   16      4      6        25 -   25   36.0969   21.0550   13.4058   43.9071    1.3500
   17     21      7        25 -   25    0.9025    0.6309    0.8451    1.3881    0.0000
   18     21      9        25 -   25   -0.4837    0.2445    0.1648    0.5665    0.0000
   19     21     13        25 -   25   -4.9161   -2.6160   -2.7557    6.2133    0.0000
   20     -2     15        25 -   25  -10.9398   -6.0658   -4.1962   13.1939    0.0056
   21     -4     10        23 -   23  -15.3629   -9.4590   -4.9905   18.7675    1.3500
   22      2     14        23 -   23   -5.2955   -3.7889   -2.4729    6.9652    0.0056
   23     91  21 -   22    24 -   24  -20.6584  -13.2479   -7.4634   25.7326    2.0470
   24   -423     23        39 -   40  -20.6597  -13.2486   -7.4639   25.7311    2.0071
   25     92  16 -   20    26 -   38   20.6597   13.2486    7.4639   65.2689   60.0164
   26    413     25        41 -   42   29.4755   17.2081   11.5413   36.0855    2.0101
   27   -213     25        43 -   44    3.5775    1.7024    0.9190    4.0952    0.4785
   28   2212     25         Stable      2.1187    2.0840    1.2755    3.3674    0.9383
   29  -2112     25         Stable      0.0043   -0.2184   -0.3722    1.0340    0.9396
   30   -211     25         Stable      0.3837    0.2152   -0.0071    0.4616    0.1396
   31    211     25         Stable     -0.0849    0.5763    0.9623    1.1335    0.1396
   32    223     25        45 -   46   -0.8094   -1.0242   -1.3740    2.0498    0.7809
   33    111     25        47 -   48   -2.5162   -1.1522   -0.9060    2.9151    0.1350
   34   -213     25        49 -   50   -2.5269   -1.2667   -0.5022    3.0038    0.8835
   35    113     25        51 -   52   -3.5000   -1.6924   -1.4816    4.2254    0.7379
   36    211     25         Stable     -2.8885   -1.6613   -1.0265    3.4895    0.1396
   37    111     25        53 -   54   -1.3873   -0.6599   -0.9506    1.8116    0.1350
   38   -211     25         Stable     -1.1870   -0.8623   -0.6141    1.5966    0.1396
   39   -421     24        55 -   56  -19.4321  -12.5029   -7.0143   24.2199    1.8645
   40    111     24        57 -   58   -1.2276   -0.7458   -0.4496    1.5111    0.1350
   41    411     26        59 -   61   25.8975   15.1119   10.0547   31.6803    1.8693
   42     22     26         Stable      3.5780    2.0962    1.4866    4.4053    0.0000
   43   -211     27         Stable      1.5671    0.5850    0.5165    1.7562    0.1396
   44    111     27        62 -   63    2.0104    1.1175    0.4024    2.3389    0.1350
   45   -211     32         Stable     -0.5966   -1.0875   -1.0367    1.6226    0.1396
   46    211     32         Stable     -0.2128    0.0633   -0.3373    0.4272    0.1396
   47     22     33         Stable     -0.9496   -0.4842   -0.2984    1.1069    0.0000
   48     22     33         Stable     -1.5666   -0.6680   -0.6075    1.8082    0.0000
   49   -211     34         Stable     -1.7868   -0.4513   -0.2392    1.8636    0.1396
   50    111     34        64 -   65   -0.7402   -0.8154   -0.2630    1.1402    0.1350
   51    211     35         Stable     -2.0226   -1.3241   -1.0266    2.6302    0.1396
   52   -211     35         Stable     -1.4773   -0.3683   -0.4550    1.5952    0.1396
   53     22     37         Stable     -0.5148   -0.2791   -0.4307    0.7270    0.0000
   54     22     37         Stable     -0.8724   -0.3808   -0.5199    1.0846    0.0000
   55    323     39        66 -   67  -15.5700  -10.3906   -5.3981   19.5047    0.9513
   56   -321     39         Stable     -3.8621   -2.1122   -1.6162    4.7152    0.4936
   57     22     40         Stable     -0.7334   -0.4707   -0.3376    0.9346    0.0000
   58     22     40         Stable     -0.4942   -0.2751   -0.1120    0.5766    0.0000
   59    -13     41         Stable      3.5124    1.7844    1.1986    4.1194    0.1057
   60     14     41         Stable     13.9223    7.5986    5.6891   16.8503    0.0000
   61   -311     41        68 -   68    8.4628    5.7289    3.1670   10.7106    0.4977
   62     22     44         Stable      1.5825    0.9301    0.3528    1.8692    0.0000
   63     22     44         Stable      0.4279    0.1874    0.0496    0.4698    0.0000
   64     22     50         Stable     -0.3032   -0.2660   -0.1437    0.4282    0.0000
   65     22     50         Stable     -0.4369   -0.5493   -0.1193    0.7120    0.0000
   66    311     55        69 -   69   -9.4390   -6.6824   -3.4102   12.0676    0.4977
   67    211     55         Stable     -6.1309   -3.7083   -1.9879    7.4371    0.1396
   68    310     61        70 -   71    8.4628    5.7289    3.1670   10.7106    0.4977
   69    130     66         Stable     -9.4390   -6.6824   -3.4102   12.0676    0.4977
   70    211     68         Stable      2.4625    1.6874    0.7409    3.0789    0.1396
   71   -211     68         Stable      6.0003    4.0415    2.4260    7.6316    0.1396
0                       Vector Sum:     0.0000    0.0000    0.0000   91.0000   91.0000
0================================================================================
                           === after PHOTOS: ===
0================================================================================
                              Event No.:         1
0      Particle Parameters
0 Nr   Type   Parent(s)  Daughter(s)      Px        Py        Pz        E     Inv. M.
    1      4      0         3 -    3   37.2351   21.8241   14.3417   45.5000    1.3500
    2     -4      0         3 -    3  -37.2351  -21.8241  -14.3417   45.5000    1.3500
    3     94   1 -    2     4 -    5    0.0000    0.0000    0.0000   91.0000   91.0000
    4      4      3         6 -    7   36.9980   21.6852   14.2504   45.2936    3.0555
    5     -4      3         8 -    9  -36.9980  -21.6852  -14.2504   45.7064    6.8485
    6      4      4        16 -   16   36.0956   21.0543   13.4053   43.9055    1.3500
    7     21      4        17 -   17    0.9025    0.6309    0.8451    1.3881    0.0000
    8     -4      5        10 -   11  -36.5143  -21.9296  -14.4153   45.1399    3.9508
    9     21      5        18 -   18   -0.4837    0.2445    0.1648    0.5665    0.0000
   10     -4      8        21 -   21  -15.3629   -9.4590   -4.9905   18.7675    1.3500
   11     21      8        12 -   13  -21.1514  -12.4707   -9.4247   26.3724    1.9442
   12     21     11        14 -   15  -16.2353   -9.8547   -6.6690   20.1591    1.1018
   13     21     11        19 -   19   -4.9161   -2.6160   -2.7557    6.2133    0.0000
   14      2     12        22 -   22   -5.2955   -3.7889   -2.4729    6.9652    0.0056
   15     -2     12        20 -   20  -10.9398   -6.0658   -4.1962   13.1939    0.0056
   16      4      6        25 -   25   36.0969   21.0550   13.4058   43.9071    1.3500
   17     21      7        25 -   25    0.9025    0.6309    0.8451    1.3881    0.0000
   18     21      9        25 -   25   -0.4837    0.2445    0.1648    0.5665    0.0000
   19     21     13        25 -   25   -4.9161   -2.6160   -2.7557    6.2133    0.0000
   20     -2     15        25 -   25  -10.9398   -6.0658   -4.1962   13.1939    0.0056
   21     -4     10        23 -   23  -15.3629   -9.4590   -4.9905   18.7675    1.3500
   22      2     14        23 -   23   -5.2955   -3.7889   -2.4729    6.9652    0.0056
   23     91  21 -   22    24 -   24  -20.6584  -13.2479   -7.4634   25.7326    2.0470
   24   -423     23        39 -   40  -20.6597  -13.2486   -7.4639   25.7311    2.0071
   25     92  16 -   20    26 -   38   20.6597   13.2486    7.4639   65.2689   60.0164
   26    413     25        41 -   42   29.4755   17.2081   11.5413   36.0855    2.0101
   27   -213     25        43 -   44    3.5775    1.7024    0.9190    4.0952    0.4785
   28   2212     25         Stable      2.1187    2.0840    1.2755    3.3674    0.9383
   29  -2112     25         Stable      0.0043   -0.2184   -0.3722    1.0340    0.9396
   30   -211     25         Stable      0.3837    0.2152   -0.0071    0.4616    0.1396
   31    211     25         Stable     -0.0849    0.5763    0.9623    1.1335    0.1396
   32    223     25        45 -   47   -0.8094   -1.0242   -1.3740    2.0498    0.7809
   33    111     25        48 -   49   -2.5162   -1.1522   -0.9060    2.9151    0.1350
   34   -213     25        50 -   51   -2.5269   -1.2667   -0.5022    3.0038    0.8835
   35    113     25        52 -   53   -3.5000   -1.6924   -1.4816    4.2254    0.7379
   36    211     25         Stable     -2.8885   -1.6613   -1.0265    3.4895    0.1396
   37    111     25        54 -   55   -1.3873   -0.6599   -0.9506    1.8116    0.1350
   38   -211     25         Stable     -1.1870   -0.8623   -0.6141    1.5966    0.1396
   39   -421     24        56 -   57  -19.4321  -12.5029   -7.0143   24.2199    1.8645
   40    111     24        58 -   59   -1.2276   -0.7458   -0.4496    1.5111    0.1350
   41    411     26        60 -   62   25.8975   15.1119   10.0547   31.6803    1.8693
   42     22     26         Stable      3.5780    2.0962    1.4866    4.4053    0.0000
   43   -211     27         Stable      1.5671    0.5850    0.5165    1.7562    0.1396
   44    111     27        63 -   64    2.0104    1.1175    0.4024    2.3389    0.1350
   45   -211     32         Stable     -0.5947   -1.0839   -1.0333    1.6173    0.1396
   46    211     32         Stable     -0.2100    0.0524   -0.3333    0.4212    0.1396
   47     22     32         Stable     -0.0047    0.0072   -0.0074    0.0113    0.0000
   48     22     33         Stable     -0.9496   -0.4842   -0.2984    1.1069    0.0000
   49     22     33         Stable     -1.5666   -0.6680   -0.6075    1.8082    0.0000
   50   -211     34         Stable     -1.7868   -0.4513   -0.2392    1.8636    0.1396
   51    111     34        65 -   66   -0.7402   -0.8154   -0.2630    1.1402    0.1350
   52    211     35         Stable     -2.0226   -1.3241   -1.0266    2.6302    0.1396
   53   -211     35         Stable     -1.4773   -0.3683   -0.4550    1.5952    0.1396
   54     22     37         Stable     -0.5148   -0.2791   -0.4307    0.7270    0.0000
   55     22     37         Stable     -0.8724   -0.3808   -0.5199    1.0846    0.0000
   56    323     39        67 -   68  -15.5700  -10.3906   -5.3981   19.5047    0.9513
   57   -321     39         Stable     -3.8621   -2.1122   -1.6162    4.7152    0.4936
   58     22     40         Stable     -0.7334   -0.4707   -0.3376    0.9346    0.0000
   59     22     40         Stable     -0.4942   -0.2751   -0.1120    0.5766    0.0000
   60    -13     41         Stable      3.5124    1.7844    1.1986    4.1194    0.1057
   61     14     41         Stable     13.9223    7.5986    5.6891   16.8503    0.0000
   62   -311     41        69 -   69    8.4628    5.7289    3.1670   10.7106    0.4977
   63     22     44         Stable      1.5825    0.9301    0.3528    1.8692    0.0000
   64     22     44         Stable      0.4279    0.1874    0.0496    0.4698    0.0000
   65     22     51         Stable     -0.3032   -0.2660   -0.1437    0.4282    0.0000
   66     22     51         Stable     -0.4369   -0.5493   -0.1193    0.7120    0.0000
   67    311     56        70 -   70   -9.4390   -6.6824   -3.4102   12.0676    0.4977
   68    211     56         Stable     -6.1309   -3.7083   -1.9879    7.4371    0.1396
   69    310     62        71 -   72    8.4628    5.7289    3.1670   10.7106    0.4977
   70    130     67         Stable     -9.4390   -6.6824   -3.4102   12.0676    0.4977
   71    211     69         Stable      2.4625    1.6874    0.7409    3.0789    0.1396
   72   -211     69         Stable      6.0003    4.0415    2.4260    7.6316    0.1396
0                       Vector Sum:     0.0000    0.0000    0.0000   91.0000   91.0000
1
 ********************************************************************************
 *                                                                              *
 **** PHOTOS Test Run has successfully ended                                 ****
 *                                                                              *
 ********************************************************************************
